 
****************************************
Report : area
Design : BG_PE
Version: O-2018.06
Date   : Sat Aug 29 22:19:38 2026
****************************************

Library(s) Used:

    slow (File: /usr/cad/CBDK_TSMC90G_Arm_v1.1/Lib90/slow.db)

Number of ports:                          417
Number of nets:                          4866
Number of cells:                         4168
Number of combinational cells:           3914
Number of sequential cells:               251
Number of macros/black boxes:               0
Number of buf/inv:                        738
Number of references:                      31

Combinational area:              17576.496233
Buf/Inv area:                     1577.016052
Noncombinational area:            3907.612811
Macro/Black Box area:                0.000000
Net Interconnect area:      undefined  (No wire load specified)

Total cell area:                 21484.109044
Total area:                 undefined
1
