Information: Propagating switching activity (low effort zero delay simulation). (PWR-6)
 
****************************************
Report : power
        -analysis_effort low
Design : BG_PE
Version: O-2018.06
Date   : Tue Sep  1 10:39:17 2026
****************************************


Library(s) Used:

    slow (File: /usr/cad/CBDK_TSMC90G_Arm_v1.1/Lib90/slow.db)


Operating Conditions: slow   Library: slow
Wire Load Model Mode: top


Global Operating Voltage = 0.9  
Power-specific unit information :
    Voltage Units = 1V
    Capacitance Units = 1.000000pf
    Time Units = 1ns
    Dynamic Power Units = 1mW    (derived from V,C,T units)
    Leakage Power Units = 1pW


  Cell Internal Power  = 950.7451 uW   (79%)
  Net Switching Power  = 252.9861 uW   (21%)
                         ---------
Total Dynamic Power    =   1.2037 mW  (100%)

Cell Leakage Power     =  59.1568 uW


                 Internal         Switching           Leakage            Total
Power Group      Power            Power               Power              Power   (   %    )  Attrs
--------------------------------------------------------------------------------------------------
io_pad             0.0000            0.0000            0.0000            0.0000  (   0.00%)
memory             0.0000            0.0000            0.0000            0.0000  (   0.00%)
black_box          0.0000            0.0000            0.0000            0.0000  (   0.00%)
clock_network      0.0000            0.0000            0.0000            0.0000  (   0.00%)
register           0.3793        1.0555e-02        7.9607e+06            0.3978  (  31.50%)
sequential         0.0000            0.0000            0.0000            0.0000  (   0.00%)
combinational      0.5714            0.2424        5.1196e+07            0.8651  (  68.50%)
--------------------------------------------------------------------------------------------------
Total              0.9507 mW         0.2530 mW     5.9157e+07 pW         1.2629 mW
1
