 
****************************************
Report : power
        -hier
        -analysis_effort low
Design : BG_PE
Version: O-2018.06
Date   : Sat Aug 29 22:19:38 2026
****************************************


Library(s) Used:

    slow (File: /usr/cad/CBDK_TSMC90G_Arm_v1.1/Lib90/slow.db)


Operating Conditions: slow   Library: slow
Wire Load Model Mode: top


Global Operating Voltage = 0.9  
Power-specific unit information :
    Voltage Units = 1V
    Capacitance Units = 1.000000pf
    Time Units = 1ns
    Dynamic Power Units = 1mW    (derived from V,C,T units)
    Leakage Power Units = 1pW


--------------------------------------------------------------------------------
                                       Switch   Int      Leak     Total
Hierarchy                              Power    Power    Power    Power    %
--------------------------------------------------------------------------------
BG_PE                                  2.71e-02    0.376 5.65e+07    0.459 100.0
  u_fp_acc (FP_ACC)                    1.11e-03 3.90e-02 1.18e+07 5.19e-02  11.3
  u_bg_acc (BG_ACC)                    6.97e-03    0.159 1.88e+07    0.185  40.3
  u_int_mac (INT_MAC)                  1.38e-02 6.31e-02 2.11e+07 9.79e-02  21.3
1
