 
****************************************
Report : power
        -hier
        -analysis_effort low
Design : BG_PE
Version: O-2018.06
Date   : Tue Sep  1 10:39:17 2026
****************************************


Library(s) Used:

    slow (File: /usr/cad/CBDK_TSMC90G_Arm_v1.1/Lib90/slow.db)


Operating Conditions: slow   Library: slow
Wire Load Model Mode: top


Global Operating Voltage = 0.9  
Power-specific unit information :
    Voltage Units = 1V
    Capacitance Units = 1.000000pf
    Time Units = 1ns
    Dynamic Power Units = 1mW    (derived from V,C,T units)
    Leakage Power Units = 1pW


--------------------------------------------------------------------------------
                                       Switch   Int      Leak     Total
Hierarchy                              Power    Power    Power    Power    %
--------------------------------------------------------------------------------
BG_PE                                     0.253    0.951 5.92e+07    1.263 100.0
  u_fp_acc (FP_ACC)                    2.46e-03 4.06e-02 1.21e+07 5.52e-02   4.4
  u_bg_acc (BG_ACC)                       0.145    0.349 2.05e+07    0.514  40.7
  u_int_mac (INT_MAC)                  9.30e-02    0.388 2.13e+07    0.502  39.7
1
