 
****************************************
Report : area
Design : DEW_PE_DEW_ACC_W30
Version: O-2018.06
Date   : Tue Sep  1 00:05:41 2026
****************************************

Library(s) Used:

    slow (File: /usr/cad/CBDK_TSMC90G_Arm_v1.1/Lib90/slow.db)

Number of ports:                          683
Number of nets:                          5270
Number of cells:                         4381
Number of combinational cells:           4176
Number of sequential cells:               201
Number of macros/black boxes:               0
Number of buf/inv:                        876
Number of references:                      43

Combinational area:              18375.235511
Buf/Inv area:                     1859.961661
Noncombinational area:            3121.574407
Macro/Black Box area:                0.000000
Net Interconnect area:      undefined  (No wire load specified)

Total cell area:                 21496.809917
Total area:                 undefined
1
