 
****************************************
Report : area
Design : DEW_PE_DEW_ACC_W30
Version: O-2018.06
Date   : Tue Sep  1 00:05:41 2026
****************************************

Library(s) Used:

    slow (File: /usr/cad/CBDK_TSMC90G_Arm_v1.1/Lib90/slow.db)

Number of ports:                          683
Number of nets:                          5270
Number of cells:                         4381
Number of combinational cells:           4176
Number of sequential cells:               201
Number of macros/black boxes:               0
Number of buf/inv:                        876
Number of references:                      43

Combinational area:              18375.235511
Buf/Inv area:                     1859.961661
Noncombinational area:            3121.574407
Macro/Black Box area:                0.000000
Net Interconnect area:      undefined  (No wire load specified)

Total cell area:                 21496.809917
Total area:                 undefined

Hierarchical area distribution
------------------------------

                                  Global cell area            Local cell area
                                  -------------------  ----------------------------- 
Hierarchical cell                 Absolute    Percent  Combi-      Noncombi-  Black-
                                  Total       Total    national    national   boxes   Design
--------------------------------  ----------  -------  ----------  ---------  ------  ----------------------------------
DEW_PE_DEW_ACC_W30                21496.8099    100.0   1069.6896  1692.7344  0.0000  DEW_PE_DEW_ACC_W30
u_dew_acc                          6665.8033     31.0   5733.7057   932.0976  0.0000  DEW_ACC_ACC_W30_T_SKIP9_T_REPLACE3
u_fp_acc                           5014.6993     23.3   4517.9569   496.7424  0.0000  FP_ACC
u_int_mac                          7053.8832     32.8   5181.2208     0.0000  0.0000  INT_MAC
u_int_mac/u_outlier_dispatcher     1872.6625      8.7   1872.6625     0.0000  0.0000  Outlier_Dispatcher
--------------------------------  ----------  -------  ----------  ---------  ------  ----------------------------------
Total                                                  18375.2355  3121.5744  0.0000

1
