 
****************************************
Report : area
Design : DEW_PE_DEW_ACC_W18
Version: O-2018.06
Date   : Tue Sep  1 00:00:41 2026
****************************************

Library(s) Used:

    slow (File: /usr/cad/CBDK_TSMC90G_Arm_v1.1/Lib90/slow.db)

Number of ports:                          683
Number of nets:                          4573
Number of cells:                         3695
Number of combinational cells:           3502
Number of sequential cells:               189
Number of macros/black boxes:               0
Number of buf/inv:                        691
Number of references:                      43

Combinational area:              16156.123442
Buf/Inv area:                     1470.470448
Noncombinational area:            2940.235208
Macro/Black Box area:                0.000000
Net Interconnect area:      undefined  (No wire load specified)

Total cell area:                 19096.358650
Total area:                 undefined
1
