 
****************************************
Report : area
Design : DEW_PE_DEW_ACC_W21
Version: O-2018.06
Date   : Tue Sep  1 00:01:52 2026
****************************************

Library(s) Used:

    slow (File: /usr/cad/CBDK_TSMC90G_Arm_v1.1/Lib90/slow.db)

Number of ports:                          683
Number of nets:                          4723
Number of cells:                         3844
Number of combinational cells:           3648
Number of sequential cells:               192
Number of macros/black boxes:               0
Number of buf/inv:                        774
Number of references:                      42

Combinational area:              16626.053061
Buf/Inv area:                     1649.692854
Noncombinational area:            3008.678413
Macro/Black Box area:                0.000000
Net Interconnect area:      undefined  (No wire load specified)

Total cell area:                 19634.731474
Total area:                 undefined

Hierarchical area distribution
------------------------------

                                  Global cell area            Local cell area
                                  -------------------  ----------------------------- 
Hierarchical cell                 Absolute    Percent  Combi-      Noncombi-  Black-
                                  Total       Total    national    national   boxes   Design
--------------------------------  ----------  -------  ----------  ---------  ------  ----------------------------------
DEW_PE_DEW_ACC_W21                19634.7315    100.0   1073.2176  1716.7248  0.0000  DEW_PE_DEW_ACC_W21
u_dew_acc                          4794.5521     24.4   3999.3409   795.2112  0.0000  DEW_ACC_ACC_W21_T_SKIP9_T_REPLACE3
u_fp_acc                           4996.3537     25.4   4499.6113   496.7424  0.0000  FP_ACC
u_int_mac                          7053.8832     35.9   5181.2208     0.0000  0.0000  INT_MAC
u_int_mac/u_outlier_dispatcher     1872.6625      9.5   1872.6625     0.0000  0.0000  Outlier_Dispatcher
--------------------------------  ----------  -------  ----------  ---------  ------  ----------------------------------
Total                                                  16626.0531  3008.6784  0.0000

1
