 
****************************************
Report : area
Design : DEW_PE
Version: O-2018.06
Date   : Fri Aug 28 22:54:55 2026
****************************************

Library(s) Used:

    slow (File: /usr/cad/CBDK_TSMC90G_Arm_v1.1/Lib90/slow.db)

Number of ports:                          708
Number of nets:                          5443
Number of cells:                         4442
Number of combinational cells:           4241
Number of sequential cells:               197
Number of macros/black boxes:               0
Number of buf/inv:                        958
Number of references:                      43

Combinational area:              19296.749140
Buf/Inv area:                     2056.824067
Noncombinational area:            3089.822417
Macro/Black Box area:                0.000000
Net Interconnect area:      undefined  (No wire load specified)

Total cell area:                 22386.571557
Total area:                 undefined
1
