 
****************************************
Report : area
Design : BFP_PE
Version: O-2018.06
Date   : Tue Aug 25 06:49:31 2026
****************************************

Library(s) Used:

    slow (File: /usr/cad/CBDK_TSMC90G_Arm_v1.1/Lib90/slow.db)

Number of ports:                          572
Number of nets:                          9855
Number of cells:                         9112
Number of combinational cells:           8960
Number of sequential cells:               150
Number of macros/black boxes:               0
Number of buf/inv:                       2200
Number of references:                      22

Combinational area:              47253.327191
Buf/Inv area:                     5291.294564
Noncombinational area:            2394.100824
Macro/Black Box area:                0.000000
Net Interconnect area:      undefined  (No wire load specified)

Total cell area:                 49647.428015
Total area:                 undefined
1
