Information: Propagating switching activity (low effort zero delay simulation). (PWR-6)
 
****************************************
Report : power
        -analysis_effort low
Design : BFP_PE
Version: O-2018.06
Date   : Tue Aug 25 06:49:31 2026
****************************************


Library(s) Used:

    slow (File: /usr/cad/CBDK_TSMC90G_Arm_v1.1/Lib90/slow.db)


Operating Conditions: slow   Library: slow
Wire Load Model Mode: top


Global Operating Voltage = 0.9  
Power-specific unit information :
    Voltage Units = 1V
    Capacitance Units = 1.000000pf
    Time Units = 1ns
    Dynamic Power Units = 1mW    (derived from V,C,T units)
    Leakage Power Units = 1pW


  Cell Internal Power  =   3.9683 mW   (55%)
  Net Switching Power  =   3.1999 mW   (45%)
                         ---------
Total Dynamic Power    =   7.1682 mW  (100%)

Cell Leakage Power     = 300.8172 uW


                 Internal         Switching           Leakage            Total
Power Group      Power            Power               Power              Power   (   %    )  Attrs
--------------------------------------------------------------------------------------------------
io_pad             0.0000            0.0000            0.0000            0.0000  (   0.00%)
memory             0.0000            0.0000            0.0000            0.0000  (   0.00%)
black_box          0.0000            0.0000            0.0000            0.0000  (   0.00%)
clock_network      0.0000            0.0000            0.0000            0.0000  (   0.00%)
register           0.2956        2.8658e-02        5.3390e+06            0.3296  (   4.41%)
sequential         0.0000            0.0000            0.0000            0.0000  (   0.00%)
combinational      3.6727            3.1712        2.9548e+08            7.1394  (  95.59%)
--------------------------------------------------------------------------------------------------
Total              3.9683 mW         3.1999 mW     3.0082e+08 pW         7.4690 mW
1
