 
****************************************
Report : area
Design : BFP_PE
Version: O-2018.06
Date   : Tue Aug 25 03:11:55 2026
****************************************

Library(s) Used:

    slow (File: /usr/cad/CBDK_TSMC90G_Arm_v1.1/Lib90/slow.db)

Number of ports:                          437
Number of nets:                          5794
Number of cells:                         5200
Number of combinational cells:           5080
Number of sequential cells:               118
Number of macros/black boxes:               0
Number of buf/inv:                       1171
Number of references:                      20

Combinational area:              25860.946036
Buf/Inv area:                     2905.660886
Noncombinational area:            1851.494412
Macro/Black Box area:                0.000000
Net Interconnect area:      undefined  (No wire load specified)

Total cell area:                 27712.440448
Total area:                 undefined
1
