Information: Propagating switching activity (low effort zero delay simulation). (PWR-6)
Warning: Invalid switching activity annotation on constant net(s) is being ignored. (PWR-421)
Warning: Design has unannotated primary inputs. (PWR-414)
Warning: Design has unannotated sequential cell outputs. (PWR-415)
 
****************************************
Report : power
        -analysis_effort low
Design : BFP_PE
Version: O-2018.06
Date   : Tue Aug 25 03:11:56 2026
****************************************


Library(s) Used:

    slow (File: /usr/cad/CBDK_TSMC90G_Arm_v1.1/Lib90/slow.db)


Operating Conditions: slow   Library: slow
Wire Load Model Mode: top


Global Operating Voltage = 0.9  
Power-specific unit information :
    Voltage Units = 1V
    Capacitance Units = 1.000000pf
    Time Units = 1ns
    Dynamic Power Units = 1mW    (derived from V,C,T units)
    Leakage Power Units = 1pW


  Cell Internal Power  =   2.0028 mW   (55%)
  Net Switching Power  =   1.6412 mW   (45%)
                         ---------
Total Dynamic Power    =   3.6439 mW  (100%)

Cell Leakage Power     = 156.6982 uW


                 Internal         Switching           Leakage            Total
Power Group      Power            Power               Power              Power   (   %    )  Attrs
--------------------------------------------------------------------------------------------------
io_pad             0.0000            0.0000            0.0000            0.0000  (   0.00%)
memory             0.0000            0.0000            0.0000            0.0000  (   0.00%)
black_box          0.0000            0.0000            0.0000            0.0000  (   0.00%)
clock_network      0.0000            0.0000            0.0000            0.0000  (   0.00%)
register           0.1923        2.3754e-02        4.1331e+06            0.2202  (   5.79%)
sequential         0.0000            0.0000            0.0000            0.0000  (   0.00%)
combinational      1.8104            1.6174        1.5257e+08            3.5804  (  94.21%)
--------------------------------------------------------------------------------------------------
Total              2.0028 mW         1.6412 mW     1.5670e+08 pW         3.8006 mW
1
