 
****************************************
Report : power
        -hier
        -analysis_effort low
Design : BFP_PE
Version: O-2018.06
Date   : Tue Aug 25 03:11:56 2026
****************************************


Library(s) Used:

    slow (File: /usr/cad/CBDK_TSMC90G_Arm_v1.1/Lib90/slow.db)


Operating Conditions: slow   Library: slow
Wire Load Model Mode: top


Global Operating Voltage = 0.9  
Power-specific unit information :
    Voltage Units = 1V
    Capacitance Units = 1.000000pf
    Time Units = 1ns
    Dynamic Power Units = 1mW    (derived from V,C,T units)
    Leakage Power Units = 1pW


--------------------------------------------------------------------------------
                                       Switch   Int      Leak     Total
Hierarchy                              Power    Power    Power    Power    %
--------------------------------------------------------------------------------
BFP_PE                                    1.641    2.003 1.57e+08    3.801 100.0
  u_fp_acc (FP_ACC)                       1.091    1.123 4.16e+07    2.255  59.3
  u_int_mac (INT_MAC)                     0.533    0.762 1.10e+08    1.405  37.0
1
