 
****************************************
Report : area
Design : DEW_PE_DEW_ACC_W20
Version: O-2018.06
Date   : Tue Sep  1 00:01:28 2026
****************************************

Library(s) Used:

    slow (File: /usr/cad/CBDK_TSMC90G_Arm_v1.1/Lib90/slow.db)

Number of ports:                          683
Number of nets:                          4635
Number of cells:                         3753
Number of combinational cells:           3558
Number of sequential cells:               191
Number of macros/black boxes:               0
Number of buf/inv:                        747
Number of references:                      41

Combinational area:              16377.681844
Buf/Inv area:                     1591.833652
Noncombinational area:            2972.692808
Macro/Black Box area:                0.000000
Net Interconnect area:      undefined  (No wire load specified)

Total cell area:                 19350.374652
Total area:                 undefined
1
