 
****************************************
Report : area
Design : DEW_PE_DEW_ACC_W28
Version: O-2018.06
Date   : Tue Sep  1 00:04:49 2026
****************************************

Library(s) Used:

    slow (File: /usr/cad/CBDK_TSMC90G_Arm_v1.1/Lib90/slow.db)

Number of ports:                          683
Number of nets:                          5156
Number of cells:                         4267
Number of combinational cells:           4064
Number of sequential cells:               199
Number of macros/black boxes:               0
Number of buf/inv:                        859
Number of references:                      42

Combinational area:              17992.094695
Buf/Inv area:                     1826.798460
Noncombinational area:            3089.822407
Macro/Black Box area:                0.000000
Net Interconnect area:      undefined  (No wire load specified)

Total cell area:                 21081.917102
Total area:                 undefined
1
