 
****************************************
Report : area
Design : DEW_PE_DEW_ACC_W28
Version: O-2018.06
Date   : Tue Sep  1 00:04:49 2026
****************************************

Library(s) Used:

    slow (File: /usr/cad/CBDK_TSMC90G_Arm_v1.1/Lib90/slow.db)

Number of ports:                          683
Number of nets:                          5156
Number of cells:                         4267
Number of combinational cells:           4064
Number of sequential cells:               199
Number of macros/black boxes:               0
Number of buf/inv:                        859
Number of references:                      42

Combinational area:              17992.094695
Buf/Inv area:                     1826.798460
Noncombinational area:            3089.822407
Macro/Black Box area:                0.000000
Net Interconnect area:      undefined  (No wire load specified)

Total cell area:                 21081.917102
Total area:                 undefined

Hierarchical area distribution
------------------------------

                                  Global cell area            Local cell area
                                  -------------------  ----------------------------- 
Hierarchical cell                 Absolute    Percent  Combi-      Noncombi-  Black-
                                  Total       Total    national    national   boxes   Design
--------------------------------  ----------  -------  ----------  ---------  ------  ----------------------------------
DEW_PE_DEW_ACC_W28                21081.9171    100.0   1071.1008  1692.7344  0.0000  DEW_PE_DEW_ACC_W28
u_dew_acc                          6279.1345     29.8   5378.7889   900.3456  0.0000  DEW_ACC_ACC_W28_T_SKIP9_T_REPLACE3
u_fp_acc                           4985.0641     23.6   4488.3217   496.7424  0.0000  FP_ACC
u_int_mac                          7053.8832     33.5   5181.2208     0.0000  0.0000  INT_MAC
u_int_mac/u_outlier_dispatcher     1872.6625      8.9   1872.6625     0.0000  0.0000  Outlier_Dispatcher
--------------------------------  ----------  -------  ----------  ---------  ------  ----------------------------------
Total                                                  17992.0947  3089.8224  0.0000

1
