Information: Propagating switching activity (low effort zero delay simulation). (PWR-6)
 
****************************************
Report : power
        -analysis_effort low
Design : BFP_PE
Version: O-2018.06
Date   : Fri Aug 28 05:10:40 2026
****************************************


Library(s) Used:

    slow (File: /usr/cad/CBDK_TSMC90G_Arm_v1.1/Lib90/slow.db)


Operating Conditions: slow   Library: slow
Wire Load Model Mode: top


Global Operating Voltage = 0.9  
Power-specific unit information :
    Voltage Units = 1V
    Capacitance Units = 1.000000pf
    Time Units = 1ns
    Dynamic Power Units = 1mW    (derived from V,C,T units)
    Leakage Power Units = 1pW


  Cell Internal Power  =   4.9345 mW   (56%)
  Net Switching Power  =   3.8989 mW   (44%)
                         ---------
Total Dynamic Power    =   8.8334 mW  (100%)

Cell Leakage Power     = 208.3449 uW


                 Internal         Switching           Leakage            Total
Power Group      Power            Power               Power              Power   (   %    )  Attrs
--------------------------------------------------------------------------------------------------
io_pad             0.0000            0.0000            0.0000            0.0000  (   0.00%)
memory             0.0000            0.0000            0.0000            0.0000  (   0.00%)
black_box          0.0000            0.0000            0.0000            0.0000  (   0.00%)
clock_network      0.0000            0.0000            0.0000            0.0000  (   0.00%)
register           0.2438        2.2526e-02        4.4762e+06            0.2708  (   2.99%)
sequential         0.0000            0.0000            0.0000            0.0000  (   0.00%)
combinational      4.6907            3.8764        2.0387e+08            8.7710  (  97.01%)
--------------------------------------------------------------------------------------------------
Total              4.9345 mW         3.8989 mW     2.0834e+08 pW         9.0417 mW
1
