 
****************************************
Report : timing
        -path full
        -delay max
        -max_paths 1
Design : BFP_PE
Version: O-2018.06
Date   : Fri Aug 28 05:10:39 2026
****************************************

Operating Conditions: slow   Library: slow
Wire Load Model Mode: top

  Startpoint: a_man_b[66]
              (input port clocked by clk)
  Endpoint: u_fp_acc/acc_reg_reg_17_
            (rising edge-triggered flip-flop clocked by clk)
  Path Group: clk
  Path Type: max

  Point                                                   Incr       Path
  --------------------------------------------------------------------------
  clock clk (rise edge)                                   0.00       0.00
  clock network delay (ideal)                             0.50       0.50
  input external delay                                    5.00       5.50 r
  a_man_b[66] (in)                                        0.00       5.50 r
  u_int_mac/a_man_b[66] (INT_MAC)                         0.00       5.50 r
  u_int_mac/U2879/Y (XOR2X4)                              0.07       5.57 r
  u_int_mac/U996/Y (NAND2X2)                              0.06       5.63 f
  u_int_mac/U1295/Y (OAI21X3)                             0.06       5.68 r
  u_int_mac/U1267/Y (NOR2X2)                              0.05       5.74 f
  u_int_mac/U1481/Y (OAI21X2)                             0.08       5.81 r
  u_int_mac/U1206/Y (INVXL)                               0.05       5.86 f
  u_int_mac/U2632/Y (XOR2X1)                              0.08       5.95 f
  u_int_mac/U3781/Y (OAI2BB1X2)                           0.11       6.06 f
  u_int_mac/U1074/Y (XOR2X2)                              0.09       6.14 f
  u_int_mac/U1825/Y (XOR2X4)                              0.08       6.23 f
  u_int_mac/U1588/Y (OAI21X2)                             0.08       6.31 r
  u_int_mac/U1810/Y (NAND2X2)                             0.07       6.38 f
  u_int_mac/U3031/Y (XNOR2X4)                             0.07       6.45 r
  u_int_mac/U2110/Y (XOR2X4)                              0.08       6.53 r
  u_int_mac/U2101/Y (XOR2X2)                              0.11       6.64 r
  u_int_mac/U675/Y (XOR2X1)                               0.13       6.77 f
  u_int_mac/U2514/Y (INVX2)                               0.07       6.84 r
  u_int_mac/U3389/Y (NAND2X2)                             0.05       6.89 f
  u_int_mac/U3171/Y (AOI21X2)                             0.10       6.99 r
  u_int_mac/U3028/Y (OAI21BX4)                            0.07       7.06 f
  u_int_mac/U2958/Y (AOI21X6)                             0.08       7.13 r
  u_int_mac/U1762/Y (OAI21X6)                             0.05       7.18 f
  u_int_mac/U1011/Y (AOI21X4)                             0.08       7.26 r
  u_int_mac/U1337/Y (OAI21X6)                             0.05       7.31 f
  u_int_mac/U1535/Y (NAND2X4)                             0.04       7.36 r
  u_int_mac/U2951/Y (NAND2X8)                             0.04       7.40 f
  u_int_mac/U1751/Y (NAND2X8)                             0.03       7.43 r
  u_int_mac/U2812/Y (NAND2X8)                             0.05       7.48 f
  u_int_mac/U12/Y (INVX14)                                0.07       7.55 r
  u_int_mac/U3161/Y (MXI2X6)                              0.08       7.62 f
  u_int_mac/dp_mag[8] (INT_MAC)                           0.00       7.62 f
  u_fp_acc/dp_mag[8] (FP_ACC)                             0.00       7.62 f
  u_fp_acc/U1544/Y (NOR2X6)                               0.07       7.70 r
  u_fp_acc/U1554/Y (AND2X8)                               0.09       7.78 r
  u_fp_acc/U1205/Y (NAND2X4)                              0.04       7.82 f
  u_fp_acc/U892/Y (NAND2X6)                               0.04       7.87 r
  u_fp_acc/U1527/Y (XOR2X8)                               0.07       7.93 r
  u_fp_acc/U1684/Y (NAND2X8)                              0.05       7.98 f
  u_fp_acc/U1662/Y (AOI21X8)                              0.08       8.06 r
  u_fp_acc/U397/Y (INVX4)                                 0.04       8.10 f
  u_fp_acc/U394/Y (NAND2X4)                               0.04       8.14 r
  u_fp_acc/U460/Y (NAND3X2)                               0.07       8.20 f
  u_fp_acc/U876/Y (NOR2BX4)                               0.08       8.28 f
  u_fp_acc/U716/Y (NAND2X4)                               0.07       8.35 r
  u_fp_acc/U864/Y (OAI21X6)                               0.06       8.41 f
  u_fp_acc/U1675/Y (NAND2X4)                              0.07       8.48 r
  u_fp_acc/U850/Y (NAND2X4)                               0.05       8.52 f
  u_fp_acc/U310/Y (INVX2)                                 0.07       8.59 r
  u_fp_acc/U1145/Y (NAND2X4)                              0.06       8.65 f
  u_fp_acc/U1619/Y (NOR2X8)                               0.07       8.72 r
  u_fp_acc/U818/Y (OAI2BB1X4)                             0.10       8.82 r
  u_fp_acc/U2045/Y (NOR2BX4)                              0.10       8.91 r
  u_fp_acc/U144/Y (OAI21X1)                               0.07       8.98 f
  u_fp_acc/U442/Y (INVXL)                                 0.06       9.05 r
  u_fp_acc/U1713/Y (AOI2B1X4)                             0.12       9.16 r
  u_fp_acc/U1958/Y (INVX2)                                0.04       9.21 f
  u_fp_acc/U517/Y (AOI2B1X2)                              0.07       9.27 r
  u_fp_acc/U605/Y (OAI21X2)                               0.05       9.32 f
  u_fp_acc/U767/Y (XOR2X2)                                0.08       9.41 f
  u_fp_acc/U1698/Y (AOI22X4)                              0.09       9.50 r
  u_fp_acc/U598/Y (AND2X6)                                0.10       9.60 r
  u_fp_acc/U595/Y (NAND2X4)                               0.05       9.64 f
  u_fp_acc/U1566/Y (AOI21X8)                              0.07       9.71 r
  u_fp_acc/U1398/Y (NAND3X6)                              0.07       9.78 f
  u_fp_acc/U1563/Y (NAND2X8)                              0.05       9.83 r
  u_fp_acc/U752/Y (BUFX4)                                 0.07       9.91 r
  u_fp_acc/U1582/Y (NAND2XL)                              0.06       9.97 f
  u_fp_acc/U1581/Y (AOI2BB2X4)                            0.10      10.07 f
  u_fp_acc/U32/Y (NAND3X1)                                0.05      10.12 r
  u_fp_acc/U1388/Y (MXI2X2)                               0.06      10.18 f
  u_fp_acc/U2025/Y (OAI211X1)                             0.08      10.26 r
  u_fp_acc/acc_reg_reg_17_/D (DFFRQXL)                    0.00      10.26 r
  data arrival time                                                 10.26

  clock clk (rise edge)                                  10.00      10.00
  clock network delay (ideal)                             0.50      10.50
  clock uncertainty                                      -0.10      10.40
  u_fp_acc/acc_reg_reg_17_/CK (DFFRQXL)                   0.00      10.40 r
  library setup time                                     -0.14      10.26
  data required time                                                10.26
  --------------------------------------------------------------------------
  data required time                                                10.26
  data arrival time                                                -10.26
  --------------------------------------------------------------------------
  slack (MET)                                                        0.00


1
