 
****************************************
Report : area
Design : DEW_PE_DEW_ACC_W32
Version: O-2018.06
Date   : Tue Sep  1 00:06:35 2026
****************************************

Library(s) Used:

    slow (File: /usr/cad/CBDK_TSMC90G_Arm_v1.1/Lib90/slow.db)

Number of ports:                          683
Number of nets:                          5441
Number of cells:                         4554
Number of combinational cells:           4347
Number of sequential cells:               203
Number of macros/black boxes:               0
Number of buf/inv:                        897
Number of references:                      41

Combinational area:              18881.150728
Buf/Inv area:                     1910.059263
Noncombinational area:            3152.620808
Macro/Black Box area:                0.000000
Net Interconnect area:      undefined  (No wire load specified)

Total cell area:                 22033.771536
Total area:                 undefined
1
