 
****************************************
Report : area
Design : BFP_PE
Version: O-2018.06
Date   : Fri Aug 28 04:44:39 2026
****************************************

Library(s) Used:

    slow (File: /usr/cad/CBDK_TSMC90G_Arm_v1.1/Lib90/slow.db)

Number of ports:                          437
Number of nets:                          5794
Number of cells:                         5200
Number of combinational cells:           5080
Number of sequential cells:               118
Number of macros/black boxes:               0
Number of buf/inv:                       1171
Number of references:                      20

Combinational area:              25860.946036
Buf/Inv area:                     2905.660886
Noncombinational area:            1851.494412
Macro/Black Box area:                0.000000
Net Interconnect area:      undefined  (No wire load specified)

Total cell area:                 27712.440448
Total area:                 undefined

Hierarchical area distribution
------------------------------

                                  Global cell area            Local cell area
                                  -------------------  ----------------------------- 
Hierarchical cell                 Absolute    Percent  Combi-      Noncombi-  Black-
                                  Total       Total    national    national   boxes   Design
--------------------------------  ----------  -------  ----------  ---------  ------  ---------
BFP_PE                            27712.4404    100.0    674.5536  1319.4720  0.0000  BFP_PE
u_fp_acc                           9113.5298     32.9   8581.5074   532.0224  0.0000  FP_ACC
u_int_mac                         16604.8851     59.9  16604.8851     0.0000  0.0000  INT_MAC
--------------------------------  ----------  -------  ----------  ---------  ------  ---------
Total                                                  25860.9460  1851.4944  0.0000

1
