Information: Propagating switching activity (low effort zero delay simulation). (PWR-6)
 
****************************************
Report : power
        -analysis_effort low
Design : BFP_PE
Version: O-2018.06
Date   : Fri Aug 28 04:44:39 2026
****************************************


Library(s) Used:

    slow (File: /usr/cad/CBDK_TSMC90G_Arm_v1.1/Lib90/slow.db)


Operating Conditions: slow   Library: slow
Wire Load Model Mode: top


Global Operating Voltage = 0.9  
Power-specific unit information :
    Voltage Units = 1V
    Capacitance Units = 1.000000pf
    Time Units = 1ns
    Dynamic Power Units = 1mW    (derived from V,C,T units)
    Leakage Power Units = 1pW


  Cell Internal Power  =   2.3834 mW   (57%)
  Net Switching Power  =   1.8315 mW   (43%)
                         ---------
Total Dynamic Power    =   4.2148 mW  (100%)

Cell Leakage Power     = 159.7252 uW


                 Internal         Switching           Leakage            Total
Power Group      Power            Power               Power              Power   (   %    )  Attrs
--------------------------------------------------------------------------------------------------
io_pad             0.0000            0.0000            0.0000            0.0000  (   0.00%)
memory             0.0000            0.0000            0.0000            0.0000  (   0.00%)
black_box          0.0000            0.0000            0.0000            0.0000  (   0.00%)
clock_network      0.0000            0.0000            0.0000            0.0000  (   0.00%)
register           0.1949        1.5790e-02        4.0285e+06            0.2147  (   4.91%)
sequential         0.0000            0.0000            0.0000            0.0000  (   0.00%)
combinational      2.1885            1.8157        1.5570e+08            4.1599  (  95.09%)
--------------------------------------------------------------------------------------------------
Total              2.3834 mW         1.8315 mW     1.5973e+08 pW         4.3746 mW
1
