 
****************************************
Report : area
Design : DEW_PE_DEW_ACC_W25
Version: O-2018.06
Date   : Tue Sep  1 00:03:32 2026
****************************************

Library(s) Used:

    slow (File: /usr/cad/CBDK_TSMC90G_Arm_v1.1/Lib90/slow.db)

Number of ports:                          683
Number of nets:                          4955
Number of cells:                         4055
Number of combinational cells:           3855
Number of sequential cells:               196
Number of macros/black boxes:               0
Number of buf/inv:                        809
Number of references:                      43

Combinational area:              17396.568268
Buf/Inv area:                     1720.252857
Noncombinational area:            3064.420812
Macro/Black Box area:                0.000000
Net Interconnect area:      undefined  (No wire load specified)

Total cell area:                 20460.989079
Total area:                 undefined

Hierarchical area distribution
------------------------------

                                  Global cell area            Local cell area
                                  -------------------  ----------------------------- 
Hierarchical cell                 Absolute    Percent  Combi-      Noncombi-  Black-
                                  Total       Total    national    national   boxes   Design
--------------------------------  ----------  -------  ----------  ---------  ------  ----------------------------------
DEW_PE_DEW_ACC_W25                20460.9891    100.0   1070.3952  1713.9024  0.0000  DEW_PE_DEW_ACC_W25
u_dew_acc                          5635.6273     27.5   4781.8513   853.7760  0.0000  DEW_ACC_ACC_W25_T_SKIP9_T_REPLACE3
u_fp_acc                           4987.1809     24.4   4490.4385   496.7424  0.0000  FP_ACC
u_int_mac                          7053.8832     34.5   5181.2208     0.0000  0.0000  INT_MAC
u_int_mac/u_outlier_dispatcher     1872.6625      9.2   1872.6625     0.0000  0.0000  Outlier_Dispatcher
--------------------------------  ----------  -------  ----------  ---------  ------  ----------------------------------
Total                                                  17396.5683  3064.4208  0.0000

1
