 
****************************************
Report : area
Design : DEW_PE_DEW_ACC_W25
Version: O-2018.06
Date   : Tue Sep  1 00:03:32 2026
****************************************

Library(s) Used:

    slow (File: /usr/cad/CBDK_TSMC90G_Arm_v1.1/Lib90/slow.db)

Number of ports:                          683
Number of nets:                          4955
Number of cells:                         4055
Number of combinational cells:           3855
Number of sequential cells:               196
Number of macros/black boxes:               0
Number of buf/inv:                        809
Number of references:                      43

Combinational area:              17396.568268
Buf/Inv area:                     1720.252857
Noncombinational area:            3064.420812
Macro/Black Box area:                0.000000
Net Interconnect area:      undefined  (No wire load specified)

Total cell area:                 20460.989079
Total area:                 undefined
1
