 
****************************************
Report : area
Design : BFP_PE
Version: O-2018.06
Date   : Tue Sep  1 04:54:11 2026
****************************************

Library(s) Used:

    slow (File: /usr/cad/CBDK_TSMC90G_Arm_v1.1/Lib90/slow.db)

Number of ports:                          369
Number of nets:                          5200
Number of cells:                         4837
Number of combinational cells:           4733
Number of sequential cells:               102
Number of macros/black boxes:               0
Number of buf/inv:                       1151
Number of references:                      26

Combinational area:              27861.322011
Buf/Inv area:                     3209.774487
Noncombinational area:            1747.065620
Macro/Black Box area:                0.000000
Net Interconnect area:      undefined  (No wire load specified)

Total cell area:                 29608.387632
Total area:                 undefined

Hierarchical area distribution
------------------------------

                                  Global cell area            Local cell area
                                  -------------------  ----------------------------- 
Hierarchical cell                 Absolute    Percent  Combi-      Noncombi-  Black-
                                  Total       Total    national    national   boxes   Design
--------------------------------  ----------  -------  ----------  ---------  ------  ---------
BFP_PE                            29608.3876    100.0    586.3536  1150.8336  0.0000  BFP_PE
u_fp_acc                          12769.9490     43.1  12173.7170   596.2320  0.0000  FP_ACC
u_int_mac                         15101.2514     51.0  15101.2514     0.0000  0.0000  INT_MAC
--------------------------------  ----------  -------  ----------  ---------  ------  ---------
Total                                                  27861.3220  1747.0656  0.0000

1
