 
****************************************
Report : power
        -hier
        -analysis_effort low
Design : BFP_PE
Version: O-2018.06
Date   : Tue Sep  1 04:54:11 2026
****************************************


Library(s) Used:

    slow (File: /usr/cad/CBDK_TSMC90G_Arm_v1.1/Lib90/slow.db)


Operating Conditions: slow   Library: slow
Wire Load Model Mode: top


Global Operating Voltage = 0.9  
Power-specific unit information :
    Voltage Units = 1V
    Capacitance Units = 1.000000pf
    Time Units = 1ns
    Dynamic Power Units = 1mW    (derived from V,C,T units)
    Leakage Power Units = 1pW


--------------------------------------------------------------------------------
                                       Switch   Int      Leak     Total
Hierarchy                              Power    Power    Power    Power    %
--------------------------------------------------------------------------------
BFP_PE                                    2.444    2.982 1.94e+08    5.620 100.0
  u_fp_acc (FP_ACC)                       1.786    1.884 7.62e+07    3.747  66.7
  u_int_mac (INT_MAC)                     0.630    0.986 1.12e+08    1.729  30.8
1
