Information: Propagating switching activity (low effort zero delay simulation). (PWR-6)
Warning: The derived toggle rate value (0.250000) for the clock net 'clk' conflicts with the annotated value (0.199996). Using the annotated value. (PWR-12)
 
****************************************
Report : power
        -analysis_effort low
Design : BFP_PE
Version: O-2018.06
Date   : Tue Sep  1 04:54:11 2026
****************************************


Library(s) Used:

    slow (File: /usr/cad/CBDK_TSMC90G_Arm_v1.1/Lib90/slow.db)


Operating Conditions: slow   Library: slow
Wire Load Model Mode: top


Global Operating Voltage = 0.9  
Power-specific unit information :
    Voltage Units = 1V
    Capacitance Units = 1.000000pf
    Time Units = 1ns
    Dynamic Power Units = 1mW    (derived from V,C,T units)
    Leakage Power Units = 1pW


  Cell Internal Power  =   2.9819 mW   (55%)
  Net Switching Power  =   2.4437 mW   (45%)
                         ---------
Total Dynamic Power    =   5.4256 mW  (100%)

Cell Leakage Power     = 193.8929 uW


                 Internal         Switching           Leakage            Total
Power Group      Power            Power               Power              Power   (   %    )  Attrs
--------------------------------------------------------------------------------------------------
io_pad             0.0000            0.0000            0.0000            0.0000  (   0.00%)
memory             0.0000            0.0000            0.0000            0.0000  (   0.00%)
black_box          0.0000            0.0000            0.0000            0.0000  (   0.00%)
clock_network      0.0000            0.0000            0.0000            0.0000  (   0.00%)
register           0.2177        2.8202e-02        5.0337e+06            0.2509  (   4.47%)
sequential         0.0000            0.0000            0.0000            0.0000  (   0.00%)
combinational      2.7643            2.4155        1.8886e+08            5.3686  (  95.53%)
--------------------------------------------------------------------------------------------------
Total              2.9819 mW         2.4437 mW     1.9389e+08 pW         5.6195 mW
1
