Information: Propagating switching activity (low effort zero delay simulation). (PWR-6)
 
****************************************
Report : power
        -analysis_effort low
Design : BFP_PE
Version: O-2018.06
Date   : Tue Aug 25 02:54:14 2026
****************************************


Library(s) Used:

    slow (File: /usr/cad/CBDK_TSMC90G_Arm_v1.1/Lib90/slow.db)


Operating Conditions: slow   Library: slow
Wire Load Model Mode: top


Global Operating Voltage = 0.9  
Power-specific unit information :
    Voltage Units = 1V
    Capacitance Units = 1.000000pf
    Time Units = 1ns
    Dynamic Power Units = 1mW    (derived from V,C,T units)
    Leakage Power Units = 1pW


  Cell Internal Power  =   1.5726 mW   (56%)
  Net Switching Power  =   1.2436 mW   (44%)
                         ---------
Total Dynamic Power    =   2.8162 mW  (100%)

Cell Leakage Power     =  93.1646 uW


                 Internal         Switching           Leakage            Total
Power Group      Power            Power               Power              Power   (   %    )  Attrs
--------------------------------------------------------------------------------------------------
io_pad             0.0000            0.0000            0.0000            0.0000  (   0.00%)
memory             0.0000            0.0000            0.0000            0.0000  (   0.00%)
black_box          0.0000            0.0000            0.0000            0.0000  (   0.00%)
clock_network      0.0000            0.0000            0.0000            0.0000  (   0.00%)
register           0.1603        1.7980e-02        3.4768e+06            0.1817  (   6.25%)
sequential         0.0000            0.0000            0.0000            0.0000  (   0.00%)
combinational      1.4123            1.2256        8.9688e+07            2.7276  (  93.75%)
--------------------------------------------------------------------------------------------------
Total              1.5726 mW         1.2436 mW     9.3165e+07 pW         2.9093 mW
1
