 
****************************************
Report : timing
        -path full
        -delay max
        -max_paths 1
Design : BFP_PE
Version: O-2018.06
Date   : Tue Sep  1 04:54:11 2026
****************************************

Operating Conditions: slow   Library: slow
Wire Load Model Mode: top

  Startpoint: a_man_b[39]
              (input port clocked by clk)
  Endpoint: u_fp_acc/acc_reg_reg_22_
            (rising edge-triggered flip-flop clocked by clk)
  Path Group: clk
  Path Type: max

  Point                                                   Incr       Path
  --------------------------------------------------------------------------
  clock clk (rise edge)                                   0.00       0.00
  clock network delay (ideal)                             0.50       0.50
  input external delay                                    4.00       4.50 f
  a_man_b[39] (in)                                        0.00       4.50 f
  u_int_mac/a_man_b[39] (INT_MAC)                         0.00       4.50 f
  u_int_mac/U1495/Y (NAND2X8)                             0.04       4.55 r
  u_int_mac/U1725/Y (XOR2X8)                              0.09       4.64 r
  u_int_mac/U1510/Y (NAND2X8)                             0.04       4.68 f
  u_int_mac/U204/Y (NAND2X4)                              0.04       4.72 r
  u_int_mac/U1381/Y (NAND2X8)                             0.04       4.77 f
  u_int_mac/U1378/Y (NAND3X8)                             0.04       4.80 r
  u_int_mac/U383/Y (NAND3X8)                              0.04       4.85 f
  u_int_mac/U1337/Y (XOR2X8)                              0.07       4.91 f
  u_int_mac/U1336/Y (OAI21X8)                             0.07       4.98 r
  u_int_mac/U1041/Y (XOR2X4)                              0.09       5.07 r
  u_int_mac/U1335/Y (XOR2X8)                              0.08       5.15 r
  u_int_mac/U1478/Y (XOR2X8)                              0.08       5.23 r
  u_int_mac/U474/Y (XOR2X4)                               0.09       5.32 r
  u_int_mac/U1475/Y (XOR2X8)                              0.11       5.43 r
  u_int_mac/U1490/Y (XOR2X8)                              0.09       5.52 r
  u_int_mac/U374/Y (XOR2X8)                               0.08       5.61 r
  u_int_mac/U1202/Y (XOR2X8)                              0.13       5.73 r
  u_int_mac/U1200/Y (NAND2X8)                             0.05       5.79 f
  u_int_mac/U1198/Y (AOI21X8)                             0.08       5.87 r
  u_int_mac/U516/Y (OAI21X8)                              0.05       5.92 f
  u_int_mac/U1189/Y (AOI21X4)                             0.07       5.99 r
  u_int_mac/U2134/Y (XOR2X1)                              0.07       6.06 f
  u_int_mac/U1730/Y (OAI2BB1X4)                           0.13       6.19 f
  u_int_mac/dp_mag[9] (INT_MAC)                           0.00       6.19 f
  u_fp_acc/dp_mag[9] (FP_ACC)                             0.00       6.19 f
  u_fp_acc/U414/Y (NOR2X2)                                0.11       6.30 r
  u_fp_acc/U1506/Y (NAND2X6)                              0.07       6.37 f
  u_fp_acc/U1705/Y (NAND2X6)                              0.05       6.42 r
  u_fp_acc/U1897/Y (XOR2X8)                               0.09       6.51 r
  u_fp_acc/U1962/Y (NAND2X8)                              0.05       6.56 f
  u_fp_acc/U380/Y (NAND2X5)                               0.04       6.61 r
  u_fp_acc/U673/Y (NAND2X8)                               0.04       6.64 f
  u_fp_acc/U1808/Y (XOR2X8)                               0.07       6.71 r
  u_fp_acc/U1149/Y (NAND2X6)                              0.07       6.78 f
  u_fp_acc/U1089/Y (INVX10)                               0.07       6.85 r
  u_fp_acc/U1215/Y (NAND2X3)                              0.04       6.89 f
  u_fp_acc/U1081/Y (INVX1)                                0.03       6.92 r
  u_fp_acc/U1204/Y (NOR2BX2)                              0.02       6.95 f
  u_fp_acc/U1481/Y (NAND3X2)                              0.05       7.00 r
  u_fp_acc/U674/Y (OAI2B1X4)                              0.05       7.05 f
  u_fp_acc/U1984/Y (AOI2BB2X4)                            0.07       7.11 r
  u_fp_acc/U532/Y (OAI2BB2X4)                             0.07       7.18 f
  u_fp_acc/U531/Y (NOR2X8)                                0.08       7.26 r
  u_fp_acc/U1812/Y (NAND2X8)                              0.06       7.32 f
  u_fp_acc/U1811/Y (NAND2X8)                              0.04       7.36 r
  u_fp_acc/U1670/Y (INVX6)                                0.03       7.39 f
  u_fp_acc/U566/Y (NOR2X8)                                0.04       7.43 r
  u_fp_acc/U497/Y (NAND2X4)                               0.04       7.47 f
  u_fp_acc/U565/Y (NAND2X6)                               0.04       7.51 r
  u_fp_acc/U488/Y (NAND2X8)                               0.04       7.55 f
  u_fp_acc/U136/Y (NAND2X4)                               0.05       7.60 r
  u_fp_acc/U1814/Y (AOI21X8)                              0.05       7.65 f
  u_fp_acc/U1842/Y (OAI2B1X2)                             0.08       7.73 r
  u_fp_acc/U2074/Y (XNOR2X4)                              0.08       7.81 r
  u_fp_acc/U547/Y (NAND2X6)                               0.05       7.86 f
  u_fp_acc/U1983/Y (NAND3X8)                              0.05       7.91 r
  u_fp_acc/U73/Y (CLKINVX2)                               0.05       7.96 f
  u_fp_acc/U1739/Y (NAND2X4)                              0.04       8.00 r
  u_fp_acc/U473/Y (INVX2)                                 0.02       8.02 f
  u_fp_acc/U55/Y (AND2X4)                                 0.08       8.10 f
  u_fp_acc/U54/Y (NAND2X4)                                0.03       8.13 r
  u_fp_acc/U48/Y (INVX4)                                  0.02       8.15 f
  u_fp_acc/U569/Y (CLKNAND2X8)                            0.04       8.19 r
  u_fp_acc/U568/Y (OAI21X8)                               0.04       8.23 f
  u_fp_acc/U1439/Y (BUFX14)                               0.08       8.31 f
  u_fp_acc/U932/Y (NOR2X2)                                0.07       8.38 r
  u_fp_acc/U2276/Y (NOR2BX2)                              0.11       8.49 r
  u_fp_acc/U2319/Y (NAND2X4)                              0.04       8.53 f
  u_fp_acc/U635/Y (OAI211X2)                              0.03       8.56 r
  u_fp_acc/acc_reg_reg_22_/D (DFFRQXL)                    0.00       8.56 r
  data arrival time                                                  8.56

  clock clk (rise edge)                                   8.00       8.00
  clock network delay (ideal)                             0.50       8.50
  clock uncertainty                                      -0.10       8.40
  u_fp_acc/acc_reg_reg_22_/CK (DFFRQXL)                   0.00       8.40 r
  library setup time                                     -0.14       8.26
  data required time                                                 8.26
  --------------------------------------------------------------------------
  data required time                                                 8.26
  data arrival time                                                 -8.56
  --------------------------------------------------------------------------
  slack (VIOLATED)                                                  -0.30


1
