 
****************************************
Report : area
Design : DEW_PE_DEW_ACC_W17
Version: O-2018.06
Date   : Tue Sep  1 00:00:17 2026
****************************************

Library(s) Used:

    slow (File: /usr/cad/CBDK_TSMC90G_Arm_v1.1/Lib90/slow.db)

Number of ports:                          683
Number of nets:                          4495
Number of cells:                         3624
Number of combinational cells:           3432
Number of sequential cells:               188
Number of macros/black boxes:               0
Number of buf/inv:                        686
Number of references:                      40

Combinational area:              15892.229039
Buf/Inv area:                     1460.592048
Noncombinational area:            2918.361607
Macro/Black Box area:                0.000000
Net Interconnect area:      undefined  (No wire load specified)

Total cell area:                 18810.590646
Total area:                 undefined
1
