 
****************************************
Report : area
Design : DEW_PE_DEW_ACC_W13
Version: O-2018.06
Date   : Mon Aug 31 23:58:46 2026
****************************************

Library(s) Used:

    slow (File: /usr/cad/CBDK_TSMC90G_Arm_v1.1/Lib90/slow.db)

Number of ports:                          683
Number of nets:                          4254
Number of cells:                         3385
Number of combinational cells:           3197
Number of sequential cells:               184
Number of macros/black boxes:               0
Number of buf/inv:                        643
Number of references:                      39

Combinational area:              14909.328216
Buf/Inv area:                     1367.452845
Noncombinational area:            2880.964812
Macro/Black Box area:                0.000000
Net Interconnect area:      undefined  (No wire load specified)

Total cell area:                 17790.293028
Total area:                 undefined

Hierarchical area distribution
------------------------------

                                  Global cell area            Local cell area
                                  -------------------  ----------------------------- 
Hierarchical cell                 Absolute    Percent  Combi-      Noncombi-  Black-
                                  Total       Total    national    national   boxes   Design
--------------------------------  ----------  -------  ----------  ---------  ------  ----------------------------------
DEW_PE_DEW_ACC_W13                17790.2930    100.0   1062.6336  1692.0288  0.0000  DEW_PE_DEW_ACC_W13
u_dew_acc                          2932.4736     16.5   2264.9760   667.4976  0.0000  DEW_ACC_ACC_W13_T_SKIP9_T_REPLACE3
u_fp_acc                           5049.2737     28.4   4527.8353   521.4384  0.0000  FP_ACC
u_int_mac                          7053.8832     39.7   5181.2208     0.0000  0.0000  INT_MAC
u_int_mac/u_outlier_dispatcher     1872.6625     10.5   1872.6625     0.0000  0.0000  Outlier_Dispatcher
--------------------------------  ----------  -------  ----------  ---------  ------  ----------------------------------
Total                                                  14909.3282  2880.9648  0.0000

1
