 
****************************************
Report : area
Design : DEW_PE_DEW_ACC_W29
Version: O-2018.06
Date   : Tue Sep  1 00:05:15 2026
****************************************

Library(s) Used:

    slow (File: /usr/cad/CBDK_TSMC90G_Arm_v1.1/Lib90/slow.db)

Number of ports:                          683
Number of nets:                          5240
Number of cells:                         4353
Number of combinational cells:           4149
Number of sequential cells:               200
Number of macros/black boxes:               0
Number of buf/inv:                        865
Number of references:                      40

Combinational area:              18246.816305
Buf/Inv area:                     1841.616061
Noncombinational area:            3104.640007
Macro/Black Box area:                0.000000
Net Interconnect area:      undefined  (No wire load specified)

Total cell area:                 21351.456312
Total area:                 undefined
1
