 
****************************************
Report : area
Design : DEW_PE_DEW_ACC_W29
Version: O-2018.06
Date   : Tue Sep  1 00:05:15 2026
****************************************

Library(s) Used:

    slow (File: /usr/cad/CBDK_TSMC90G_Arm_v1.1/Lib90/slow.db)

Number of ports:                          683
Number of nets:                          5240
Number of cells:                         4353
Number of combinational cells:           4149
Number of sequential cells:               200
Number of macros/black boxes:               0
Number of buf/inv:                        865
Number of references:                      40

Combinational area:              18246.816305
Buf/Inv area:                     1841.616061
Noncombinational area:            3104.640007
Macro/Black Box area:                0.000000
Net Interconnect area:      undefined  (No wire load specified)

Total cell area:                 21351.456312
Total area:                 undefined

Hierarchical area distribution
------------------------------

                                  Global cell area            Local cell area
                                  -------------------  ----------------------------- 
Hierarchical cell                 Absolute    Percent  Combi-      Noncombi-  Black-
                                  Total       Total    national    national   boxes   Design
--------------------------------  ----------  -------  ----------  ---------  ------  ----------------------------------
DEW_PE_DEW_ACC_W29                21351.4563    100.0   1070.3952  1692.0288  0.0000  DEW_PE_DEW_ACC_W29
u_dew_acc                          6545.1457     30.7   5629.2769   915.8688  0.0000  DEW_ACC_ACC_W29_T_SKIP9_T_REPLACE3
u_fp_acc                           4990.0033     23.4   4493.2609   496.7424  0.0000  FP_ACC
u_int_mac                          7053.8832     33.0   5181.2208     0.0000  0.0000  INT_MAC
u_int_mac/u_outlier_dispatcher     1872.6625      8.8   1872.6625     0.0000  0.0000  Outlier_Dispatcher
--------------------------------  ----------  -------  ----------  ---------  ------  ----------------------------------
Total                                                  18246.8163  3104.6400  0.0000

1
