 
****************************************
Report : area
Design : DEW_PE_DEW_ACC_W27
Version: O-2018.06
Date   : Tue Sep  1 00:04:23 2026
****************************************

Library(s) Used:

    slow (File: /usr/cad/CBDK_TSMC90G_Arm_v1.1/Lib90/slow.db)

Number of ports:                          683
Number of nets:                          5120
Number of cells:                         4228
Number of combinational cells:           4026
Number of sequential cells:               198
Number of macros/black boxes:               0
Number of buf/inv:                        863
Number of references:                      42

Combinational area:              17891.899493
Buf/Inv area:                     1835.971260
Noncombinational area:            3133.569621
Macro/Black Box area:                0.000000
Net Interconnect area:      undefined  (No wire load specified)

Total cell area:                 21025.469114
Total area:                 undefined
1
