 
****************************************
Report : area
Design : DEW_PE_DEW_ACC_W27
Version: O-2018.06
Date   : Tue Sep  1 00:04:23 2026
****************************************

Library(s) Used:

    slow (File: /usr/cad/CBDK_TSMC90G_Arm_v1.1/Lib90/slow.db)

Number of ports:                          683
Number of nets:                          5120
Number of cells:                         4228
Number of combinational cells:           4026
Number of sequential cells:               198
Number of macros/black boxes:               0
Number of buf/inv:                        863
Number of references:                      42

Combinational area:              17891.899493
Buf/Inv area:                     1835.971260
Noncombinational area:            3133.569621
Macro/Black Box area:                0.000000
Net Interconnect area:      undefined  (No wire load specified)

Total cell area:                 21025.469114
Total area:                 undefined

Hierarchical area distribution
------------------------------

                                  Global cell area            Local cell area
                                  -------------------  ----------------------------- 
Hierarchical cell                 Absolute    Percent  Combi-      Noncombi-  Black-
                                  Total       Total    national    national   boxes   Design
--------------------------------  ----------  -------  ----------  ---------  ------  ----------------------------------
DEW_PE_DEW_ACC_W27                21025.4691    100.0   1069.6896  1695.5568  0.0000  DEW_PE_DEW_ACC_W27
u_dew_acc                          6130.9585     29.2   5246.1361   884.8224  0.0000  DEW_ACC_ACC_W27_T_SKIP9_T_REPLACE3
u_fp_acc                           5075.3809     24.1   4522.1905   553.1904  0.0000  FP_ACC
u_int_mac                          7053.8832     33.5   5181.2208     0.0000  0.0000  INT_MAC
u_int_mac/u_outlier_dispatcher     1872.6625      8.9   1872.6625     0.0000  0.0000  Outlier_Dispatcher
--------------------------------  ----------  -------  ----------  ---------  ------  ----------------------------------
Total                                                  17891.8995  3133.5696  0.0000

1
