 
****************************************
Report : area
Design : BG_PE
Version: O-2018.06
Date   : Thu Aug 27 12:02:34 2026
****************************************

Library(s) Used:

    slow (File: /usr/cad/CBDK_TSMC90G_Arm_v1.1/Lib90/slow.db)

Number of ports:                          417
Number of nets:                          4192
Number of cells:                         3586
Number of combinational cells:           3330
Number of sequential cells:               253
Number of macros/black boxes:               0
Number of buf/inv:                        443
Number of references:                      30

Combinational area:              15873.883472
Buf/Inv area:                      958.204831
Noncombinational area:            3917.491214
Macro/Black Box area:                0.000000
Net Interconnect area:      undefined  (No wire load specified)

Total cell area:                 19791.374686
Total area:                 undefined
1
