 
****************************************
Report : area
Design : BG_PE
Version: O-2018.06
Date   : Thu Aug 27 12:02:34 2026
****************************************

Library(s) Used:

    slow (File: /usr/cad/CBDK_TSMC90G_Arm_v1.1/Lib90/slow.db)

Number of ports:                          417
Number of nets:                          4192
Number of cells:                         3586
Number of combinational cells:           3330
Number of sequential cells:               253
Number of macros/black boxes:               0
Number of buf/inv:                        443
Number of references:                      30

Combinational area:              15873.883472
Buf/Inv area:                      958.204831
Noncombinational area:            3917.491214
Macro/Black Box area:                0.000000
Net Interconnect area:      undefined  (No wire load specified)

Total cell area:                 19791.374686
Total area:                 undefined

Hierarchical area distribution
------------------------------

                                  Global cell area            Local cell area
                                  -------------------  ----------------------------- 
Hierarchical cell                 Absolute    Percent  Combi-      Noncombi-  Black-
                                  Total       Total    national    national   boxes   Design
--------------------------------  ----------  -------  ----------  ---------  ------  ---------
BG_PE                             19791.3747    100.0    708.4224  1412.6112  0.0000  BG_PE
u_bg_acc                           8222.3569     41.5   6217.7473  2004.6096  0.0000  BG_ACC
u_fp_acc                           5024.5777     25.4   4524.3073   500.2704  0.0000  FP_ACC
u_int_mac                          4423.4064     22.4   4423.4064     0.0000  0.0000  INT_MAC
--------------------------------  ----------  -------  ----------  ---------  ------  ---------
Total                                                  15873.8835  3917.4912  0.0000

1
