 
****************************************
Report : power
        -hier
        -analysis_effort low
Design : BG_PE
Version: O-2018.06
Date   : Thu Aug 27 12:02:34 2026
****************************************


Library(s) Used:

    slow (File: /usr/cad/CBDK_TSMC90G_Arm_v1.1/Lib90/slow.db)


Operating Conditions: slow   Library: slow
Wire Load Model Mode: top


Global Operating Voltage = 0.9  
Power-specific unit information :
    Voltage Units = 1V
    Capacitance Units = 1.000000pf
    Time Units = 1ns
    Dynamic Power Units = 1mW    (derived from V,C,T units)
    Leakage Power Units = 1pW


--------------------------------------------------------------------------------
                                       Switch   Int      Leak     Total
Hierarchy                              Power    Power    Power    Power    %
--------------------------------------------------------------------------------
BG_PE                                     0.177    0.708 5.63e+07    0.941 100.0
  u_fp_acc (FP_ACC)                    1.95e-03 3.38e-02 1.49e+07 5.06e-02   5.4
  u_bg_acc (BG_ACC)                       0.101    0.276 1.94e+07    0.396  42.1
  u_int_mac (INT_MAC)                  6.13e-02    0.265 1.70e+07    0.344  36.5
1
