Information: Propagating switching activity (low effort zero delay simulation). (PWR-6)
 
****************************************
Report : power
        -analysis_effort low
Design : BG_PE
Version: O-2018.06
Date   : Thu Aug 27 12:02:34 2026
****************************************


Library(s) Used:

    slow (File: /usr/cad/CBDK_TSMC90G_Arm_v1.1/Lib90/slow.db)


Operating Conditions: slow   Library: slow
Wire Load Model Mode: top


Global Operating Voltage = 0.9  
Power-specific unit information :
    Voltage Units = 1V
    Capacitance Units = 1.000000pf
    Time Units = 1ns
    Dynamic Power Units = 1mW    (derived from V,C,T units)
    Leakage Power Units = 1pW


  Cell Internal Power  = 707.6752 uW   (80%)
  Net Switching Power  = 176.5186 uW   (20%)
                         ---------
Total Dynamic Power    = 884.1938 uW  (100%)

Cell Leakage Power     =  56.3145 uW


                 Internal         Switching           Leakage            Total
Power Group      Power            Power               Power              Power   (   %    )  Attrs
--------------------------------------------------------------------------------------------------
io_pad             0.0000            0.0000            0.0000            0.0000  (   0.00%)
memory             0.0000            0.0000            0.0000            0.0000  (   0.00%)
black_box          0.0000            0.0000            0.0000            0.0000  (   0.00%)
clock_network      0.0000            0.0000            0.0000            0.0000  (   0.00%)
register           0.3044        1.1191e-02        7.9532e+06            0.3235  (  34.40%)
sequential         0.0000            0.0000            0.0000            0.0000  (   0.00%)
combinational      0.4033            0.1653        4.8361e+07            0.6170  (  65.60%)
--------------------------------------------------------------------------------------------------
Total              0.7077 mW         0.1765 mW     5.6315e+07 pW         0.9405 mW
1
