 
****************************************
Report : power
        -analysis_effort low
Design : BG_PE
Version: O-2018.06
Date   : Tue Aug 25 08:19:08 2026
****************************************


Library(s) Used:

    slow (File: /usr/cad/CBDK_TSMC90G_Arm_v1.1/Lib90/slow.db)


Operating Conditions: slow   Library: slow
Wire Load Model Mode: top


Global Operating Voltage = 0.9  
Power-specific unit information :
    Voltage Units = 1V
    Capacitance Units = 1.000000pf
    Time Units = 1ns
    Dynamic Power Units = 1mW    (derived from V,C,T units)
    Leakage Power Units = 1pW


  Cell Internal Power  = 328.4552 uW   (73%)
  Net Switching Power  = 124.3506 uW   (27%)
                         ---------
Total Dynamic Power    = 452.8058 uW  (100%)

Cell Leakage Power     = 179.7585 uW


                 Internal         Switching           Leakage            Total
Power Group      Power            Power               Power              Power   (   %    )  Attrs
--------------------------------------------------------------------------------------------------
io_pad             0.0000            0.0000            0.0000            0.0000  (   0.00%)
memory             0.0000            0.0000            0.0000            0.0000  (   0.00%)
black_box          0.0000            0.0000            0.0000            0.0000  (   0.00%)
clock_network      0.0000            0.0000            0.0000            0.0000  (   0.00%)
register           0.1671        2.2726e-03        5.0677e+06            0.1745  (  27.58%)
sequential         0.0000            0.0000            0.0000            0.0000  (   0.00%)
combinational      0.1613            0.1221        1.7469e+08            0.4581  (  72.42%)
--------------------------------------------------------------------------------------------------
Total              0.3285 mW         0.1244 mW     1.7976e+08 pW         0.6326 mW
1
