Information: Propagating switching activity (low effort zero delay simulation). (PWR-6)
 
****************************************
Report : power
        -analysis_effort low
Design : BG_PE
Version: O-2018.06
Date   : Wed Aug 26 22:56:57 2026
****************************************


Library(s) Used:

    slow (File: /usr/cad/CBDK_TSMC90G_Arm_v1.1/Lib90/slow.db)


Operating Conditions: slow   Library: slow
Wire Load Model Mode: top


Global Operating Voltage = 0.9  
Power-specific unit information :
    Voltage Units = 1V
    Capacitance Units = 1.000000pf
    Time Units = 1ns
    Dynamic Power Units = 1mW    (derived from V,C,T units)
    Leakage Power Units = 1pW


  Cell Internal Power  =   1.9766 mW   (60%)
  Net Switching Power  =   1.3217 mW   (40%)
                         ---------
Total Dynamic Power    =   3.2982 mW  (100%)

Cell Leakage Power     = 151.1393 uW


                 Internal         Switching           Leakage            Total
Power Group      Power            Power               Power              Power   (   %    )  Attrs
--------------------------------------------------------------------------------------------------
io_pad             0.0000            0.0000            0.0000            0.0000  (   0.00%)
memory             0.0000            0.0000            0.0000            0.0000  (   0.00%)
black_box          0.0000            0.0000            0.0000            0.0000  (   0.00%)
clock_network      0.0000            0.0000            0.0000            0.0000  (   0.00%)
register           0.2865        1.3665e-02        7.0261e+06            0.3072  (   8.90%)
sequential         0.0000            0.0000            0.0000            0.0000  (   0.00%)
combinational      1.6901            1.3080        1.4411e+08            3.1422  (  91.10%)
--------------------------------------------------------------------------------------------------
Total              1.9766 mW         1.3217 mW     1.5114e+08 pW         3.4494 mW
1
