 
****************************************
Report : power
        -hier
        -analysis_effort low
Design : BG_PE
Version: O-2018.06
Date   : Wed Aug 26 22:56:57 2026
****************************************


Library(s) Used:

    slow (File: /usr/cad/CBDK_TSMC90G_Arm_v1.1/Lib90/slow.db)


Operating Conditions: slow   Library: slow
Wire Load Model Mode: top


Global Operating Voltage = 0.9  
Power-specific unit information :
    Voltage Units = 1V
    Capacitance Units = 1.000000pf
    Time Units = 1ns
    Dynamic Power Units = 1mW    (derived from V,C,T units)
    Leakage Power Units = 1pW


--------------------------------------------------------------------------------
                                       Switch   Int      Leak     Total
Hierarchy                              Power    Power    Power    Power    %
--------------------------------------------------------------------------------
BG_PE                                     1.322    1.977 1.51e+08    3.449 100.0
  u_fp_acc (FP_ACC)                    5.78e-04 3.13e-02 1.62e+07 4.81e-02   1.4
  u_bg_acc (BG_ACC)                       0.799    1.057 3.83e+07    1.895  54.9
  u_int_mac (INT_MAC)                     0.502    0.790 9.17e+07    1.384  40.1
1
