 
****************************************
Report : timing
        -path full
        -delay max
        -max_paths 1
Design : BG_PE
Version: O-2018.06
Date   : Thu Aug 27 12:02:34 2026
****************************************

Operating Conditions: slow   Library: slow
Wire Load Model Mode: top

  Startpoint: u_bg_acc/spill_mag_reg_reg_2_
              (rising edge-triggered flip-flop clocked by clk)
  Endpoint: u_fp_acc/acc_reg_reg_30_
            (rising edge-triggered flip-flop clocked by clk)
  Path Group: clk
  Path Type: max

  Point                                                   Incr       Path
  --------------------------------------------------------------------------
  clock clk (rise edge)                                   0.00       0.00
  clock network delay (ideal)                             0.50       0.50
  u_bg_acc/spill_mag_reg_reg_2_/CK (DFFRQX2)              0.00       0.50 r
  u_bg_acc/spill_mag_reg_reg_2_/Q (DFFRQX2)               0.26       0.76 r
  u_bg_acc/spill_mag[2] (BG_ACC)                          0.00       0.76 r
  u_fp_acc/dp_mag[2] (FP_ACC)                             0.00       0.76 r
  u_fp_acc/U165/Y (NOR2X1)                                0.05       0.81 f
  u_fp_acc/U410/Y (NAND2BX2)                              0.09       0.89 f
  u_fp_acc/U411/Y (AOI21X1)                               0.23       1.12 r
  u_fp_acc/U160/Y (INVX1)                                 0.13       1.25 f
  u_fp_acc/U159/Y (CLKAND2X2)                             0.10       1.35 f
  u_fp_acc/U158/CO (ADDFHX1)                              0.13       1.48 f
  u_fp_acc/U102/CO (ADDFHX1)                              0.15       1.63 f
  u_fp_acc/U412/Y (NOR2X1)                                0.06       1.70 r
  u_fp_acc/U156/Y (XOR2X1)                                0.10       1.80 r
  u_fp_acc/U155/Y (NAND4BBX2)                             0.09       1.89 r
  u_fp_acc/U154/Y (OAI21BX2)                              0.08       1.97 f
  u_fp_acc/U427/Y (NOR2X4)                                0.11       2.08 r
  u_fp_acc/U404/Y (AND2X2)                                0.12       2.20 r
  u_fp_acc/U400/Y (INVXL)                                 0.05       2.25 f
  u_fp_acc/U149/CO (ADDFXL)                               0.23       2.48 f
  u_fp_acc/U525/CO (ADDFX1)                               0.17       2.65 f
  u_fp_acc/U6/CO (ADDFHXL)                                0.17       2.83 f
  u_fp_acc/U97/CO (ADDFX1)                                0.18       3.01 f
  u_fp_acc/U95/CO (ADDFXL)                                0.18       3.19 f
  u_fp_acc/U94/CO (ADDFXL)                                0.17       3.36 f
  u_fp_acc/U91/Y (XNOR2XL)                                0.07       3.43 r
  u_fp_acc/U204/Y (XOR2XL)                                0.15       3.58 f
  u_fp_acc/U467/Y (NAND2BX2)                              0.11       3.69 f
  u_fp_acc/U203/Y (NOR2X2)                                0.07       3.76 r
  u_fp_acc/U175/Y (NAND2X2)                               0.09       3.85 f
  u_fp_acc/U55/Y (NOR2X1)                                 0.18       4.02 r
  u_fp_acc/U54/Y (NAND2X1)                                0.08       4.11 f
  u_fp_acc/U86/Y (OAI211XL)                               0.06       4.17 r
  u_fp_acc/U130/Y (INVX2)                                 0.05       4.22 f
  u_fp_acc/U249/Y (AND2XL)                                0.10       4.33 f
  u_fp_acc/U48/Y (AOI2B1XL)                               0.06       4.39 r
  u_fp_acc/U82/Y (NAND3BXL)                               0.10       4.48 f
  u_fp_acc/U81/Y (OAI31X1)                                0.12       4.60 r
  u_fp_acc/U45/Y (OAI2B11X2)                              0.08       4.68 f
  u_fp_acc/U44/Y (OAI32X2)                                0.14       4.82 r
  u_fp_acc/U725/Y (NAND2BX2)                              0.09       4.92 r
  u_fp_acc/U125/Y (INVX4)                                 0.05       4.97 f
  u_fp_acc/U43/Y (INVX5)                                  0.10       5.07 r
  u_fp_acc/U403/Y (OAI22XL)                               0.11       5.18 f
  u_fp_acc/U804/Y (XOR2XL)                                0.12       5.30 f
  u_fp_acc/U39/CO (ADDFHXL)                               0.19       5.48 f
  u_fp_acc/U409/CO (ADDFXL)                               0.17       5.65 f
  u_fp_acc/U816/CO (ADDFHXL)                              0.16       5.81 f
  u_fp_acc/U38/CO (ADDFHXL)                               0.16       5.98 f
  u_fp_acc/U78/CO (ADDFHX1)                               0.14       6.12 f
  u_fp_acc/U814/CO (ADDFHX2)                              0.12       6.24 f
  u_fp_acc/U820/CO (ADDFHX2)                              0.11       6.35 f
  u_fp_acc/U819/CO (ADDFHXL)                              0.16       6.52 f
  u_fp_acc/U812/CO (ADDFHX2)                              0.13       6.64 f
  u_fp_acc/U811/CO (ADDFHX2)                              0.12       6.76 f
  u_fp_acc/U824/CO (ADDFHX2)                              0.12       6.88 f
  u_fp_acc/U823/CO (ADDFHX2)                              0.12       6.99 f
  u_fp_acc/U405/CO (ADDFXL)                               0.17       7.16 f
  u_fp_acc/U808/CO (ADDFHX2)                              0.13       7.29 f
  u_fp_acc/U77/CO (ADDFXL)                                0.16       7.45 f
  u_fp_acc/U807/CO (ADDFHXL)                              0.16       7.61 f
  u_fp_acc/U828/CO (ADDFHXL)                              0.17       7.78 f
  u_fp_acc/U827/CO (ADDFHX2)                              0.13       7.91 f
  u_fp_acc/U121/CO (ADDFX1)                               0.17       8.08 f
  u_fp_acc/U806/CO (ADDFHX2)                              0.12       8.20 f
  u_fp_acc/U37/CO (ADDFHX1)                               0.13       8.33 f
  u_fp_acc/U36/CO (ADDFHX1)                               0.14       8.47 f
  u_fp_acc/U33/CO (ADDFX2)                                0.17       8.64 f
  u_fp_acc/U117/S (ADDFX1)                                0.18       8.82 f
  u_fp_acc/U31/Y (NAND2BX2)                               0.12       8.95 f
  u_fp_acc/U28/Y (OAI21X2)                                0.15       9.10 r
  u_fp_acc/U243/Y (NAND2BXL)                              0.10       9.20 f
  u_fp_acc/U25/CO (ADDFXL)                                0.19       9.39 f
  u_fp_acc/U74/CO (ADDFXL)                                0.17       9.56 f
  u_fp_acc/U22/CO (ADDFHXL)                               0.17       9.73 f
  u_fp_acc/U21/CO (ADDFXL)                                0.20       9.93 f
  u_fp_acc/U974/Y (NOR3X1)                                0.08      10.00 r
  u_fp_acc/U108/Y (XOR2XL)                                0.12      10.12 r
  u_fp_acc/U383/Y (NAND2XL)                               0.08      10.20 f
  u_fp_acc/U976/Y (OAI211XL)                              0.05      10.25 r
  u_fp_acc/acc_reg_reg_30_/D (DFFRQX2)                    0.00      10.25 r
  data arrival time                                                 10.25

  clock clk (rise edge)                                  10.00      10.00
  clock network delay (ideal)                             0.50      10.50
  clock uncertainty                                      -0.10      10.40
  u_fp_acc/acc_reg_reg_30_/CK (DFFRQX2)                   0.00      10.40 r
  library setup time                                     -0.15      10.25
  data required time                                                10.25
  --------------------------------------------------------------------------
  data required time                                                10.25
  data arrival time                                                -10.25
  --------------------------------------------------------------------------
  slack (MET)                                                        0.00


1
