 
****************************************
Report : timing
        -path full
        -delay max
        -max_paths 1
Design : BG_PE
Version: O-2018.06
Date   : Wed Aug 26 22:56:57 2026
****************************************

Operating Conditions: slow   Library: slow
Wire Load Model Mode: top

  Startpoint: a_man_b[23]
              (input port clocked by clk)
  Endpoint: u_bg_acc/spill_mag_reg_reg_8_
            (rising edge-triggered flip-flop clocked by clk)
  Path Group: clk
  Path Type: max

  Point                                                   Incr       Path
  --------------------------------------------------------------------------
  clock clk (rise edge)                                   0.00       0.00
  clock network delay (ideal)                             0.50       0.50
  input external delay                                    5.00       5.50 r
  a_man_b[23] (in)                                        0.00       5.50 r
  u_int_mac/a_man_b[23] (INT_MAC)                         0.00       5.50 r
  u_int_mac/U776/Y (NAND2X2)                              0.05       5.55 f
  u_int_mac/U1429/Y (NAND2X4)                             0.04       5.59 r
  u_int_mac/U444/Y (NAND2X5)                              0.05       5.64 f
  u_int_mac/U1548/Y (INVX6)                               0.03       5.68 r
  u_int_mac/U1505/Y (NAND2X4)                             0.04       5.71 f
  u_int_mac/U720/Y (NAND2X4)                              0.04       5.75 r
  u_int_mac/U236/Y (NAND2X6)                              0.05       5.80 f
  u_int_mac/U843/Y (NAND2X4)                              0.04       5.84 r
  u_int_mac/U167/Y (NAND3X4)                              0.05       5.89 f
  u_int_mac/U155/Y (XOR2X4)                               0.07       5.96 f
  u_int_mac/U587/Y (NAND2X4)                              0.04       6.00 r
  u_int_mac/U819/Y (NAND2X4)                              0.04       6.04 f
  u_int_mac/U1617/Y (XOR2X8)                              0.05       6.09 r
  u_int_mac/U1586/Y (XOR2X8)                              0.08       6.18 f
  u_int_mac/U1956/Y (OAI2BB1X4)                           0.09       6.26 f
  u_int_mac/U1565/Y (OAI2BB1X4)                           0.04       6.31 r
  u_int_mac/U1564/Y (XNOR2X4)                             0.09       6.40 r
  u_int_mac/U1263/Y (XOR2X8)                              0.09       6.48 f
  u_int_mac/U1262/Y (OAI2BB1X4)                           0.04       6.53 r
  u_int_mac/U1978/Y (OAI2BB1X4)                           0.04       6.57 f
  u_int_mac/U1977/Y (INVX4)                               0.03       6.60 r
  u_int_mac/U994/Y (XOR2X4)                               0.08       6.67 r
  u_int_mac/U1544/Y (XOR2X8)                              0.08       6.76 r
  u_int_mac/U16/Y (NAND2X2)                               0.09       6.84 f
  u_int_mac/U1261/Y (OAI21X8)                             0.05       6.89 r
  u_int_mac/U1397/Y (AOI21X8)                             0.03       6.92 f
  u_int_mac/U1396/Y (OAI21X8)                             0.08       7.01 r
  u_int_mac/U1157/Y (INVX16)                              0.05       7.05 f
  u_int_mac/U5/Y (MXI2X6)                                 0.07       7.13 f
  u_int_mac/dp_mag[1] (INT_MAC)                           0.00       7.13 f
  u_bg_acc/dp_mag[1] (BG_ACC)                             0.00       7.13 f
  u_bg_acc/U345/Y (NOR2X4)                                0.08       7.21 r
  u_bg_acc/U640/Y (NAND3X6)                               0.07       7.28 f
  u_bg_acc/U426/Y (INVX3)                                 0.05       7.32 r
  u_bg_acc/U1095/Y (NOR2X4)                               0.03       7.35 f
  u_bg_acc/U716/Y (XOR2X8)                                0.06       7.40 r
  u_bg_acc/U268/Y (NAND2X2)                               0.07       7.47 f
  u_bg_acc/U295/Y (INVXL)                                 0.05       7.52 r
  u_bg_acc/U637/Y (NOR2X2)                                0.02       7.55 f
  u_bg_acc/U767/Y (OAI2BB1X4)                             0.09       7.63 f
  u_bg_acc/U676/Y (INVX4)                                 0.03       7.67 r
  u_bg_acc/U255/Y (NAND2X5)                               0.04       7.71 f
  u_bg_acc/U342/Y (NAND2X6)                               0.04       7.75 r
  u_bg_acc/U787/Y (XOR2X8)                                0.07       7.82 f
  u_bg_acc/U243/Y (INVX6)                                 0.04       7.85 r
  u_bg_acc/U1015/Y (NAND3X8)                              0.04       7.89 f
  u_bg_acc/U1003/Y (XOR2X8)                               0.07       7.97 f
  u_bg_acc/U724/Y (NAND2X8)                               0.05       8.01 r
  u_bg_acc/U697/Y (NAND2X8)                               0.05       8.06 f
  u_bg_acc/U696/Y (NAND2X8)                               0.05       8.11 r
  u_bg_acc/U711/Y (NAND2X2)                               0.04       8.15 f
  u_bg_acc/U653/Y (NAND2X2)                               0.04       8.20 r
  u_bg_acc/U1001/Y (NAND3X4)                              0.07       8.27 f
  u_bg_acc/U728/Y (NAND2X4)                               0.06       8.32 r
  u_bg_acc/U213/Y (AND2X2)                                0.08       8.40 r
  u_bg_acc/U777/Y (OAI2BB1X4)                             0.09       8.49 r
  u_bg_acc/U562/Y (NAND2X4)                               0.05       8.53 f
  u_bg_acc/U682/Y (OAI21X8)                               0.09       8.63 r
  u_bg_acc/U730/Y (AOI21X8)                               0.05       8.68 f
  u_bg_acc/U794/Y (AOI21X8)                               0.08       8.76 r
  u_bg_acc/U830/Y (XOR2X8)                                0.06       8.82 r
  u_bg_acc/U828/Y (XOR2X8)                                0.08       8.90 r
  u_bg_acc/U164/Y (NOR2X2)                                0.05       8.96 f
  u_bg_acc/U888/Y (NOR2X4)                                0.07       9.03 r
  u_bg_acc/U857/Y (INVX2)                                 0.03       9.05 f
  u_bg_acc/U1087/Y (OAI2BB1X4)                            0.10       9.16 f
  u_bg_acc/U813/Y (OAI21X8)                               0.08       9.24 r
  u_bg_acc/U812/Y (XOR2X8)                                0.08       9.31 r
  u_bg_acc/U811/Y (XOR2X8)                                0.10       9.41 r
  u_bg_acc/U137/Y (NAND2X2)                               0.06       9.47 f
  u_bg_acc/U896/Y (OAI2B1X2)                              0.05       9.51 r
  u_bg_acc/U939/Y (NAND2X4)                               0.06       9.57 f
  u_bg_acc/U850/Y (NAND2X8)                               0.05       9.62 r
  u_bg_acc/U84/Y (INVX4)                                  0.04       9.67 f
  u_bg_acc/U1254/CO (ADDHX1)                              0.11       9.78 f
  u_bg_acc/U1253/Y (NOR2X2)                               0.08       9.86 r
  u_bg_acc/U55/Y (OAI21X1)                                0.09       9.95 f
  u_bg_acc/U1049/Y (AOI21X4)                              0.09      10.04 r
  u_bg_acc/U1281/Y (OAI21X1)                              0.07      10.11 f
  u_bg_acc/U1288/Y (XNOR2X1)                              0.08      10.19 f
  u_bg_acc/U1034/Y (AOI22X2)                              0.08      10.26 r
  u_bg_acc/U1046/Y (OAI21X1)                              0.06      10.33 f
  u_bg_acc/spill_mag_reg_reg_8_/D (DFFRHQX2)              0.00      10.33 f
  data arrival time                                                 10.33

  clock clk (rise edge)                                  10.00      10.00
  clock network delay (ideal)                             0.50      10.50
  clock uncertainty                                      -0.10      10.40
  u_bg_acc/spill_mag_reg_reg_8_/CK (DFFRHQX2)             0.00      10.40 r
  library setup time                                     -0.07      10.33
  data required time                                                10.33
  --------------------------------------------------------------------------
  data required time                                                10.33
  data arrival time                                                -10.33
  --------------------------------------------------------------------------
  slack (MET)                                                        0.00


1
