 
****************************************
Report : power
        -hier
        -analysis_effort low
Design : BFP_PE
Version: O-2018.06
Date   : Mon Aug 24 03:22:58 2026
****************************************


Library(s) Used:

    slow (File: /usr/cad/CBDK_TSMC90G_Arm_v1.1/Lib90/slow.db)


Operating Conditions: slow   Library: slow
Wire Load Model Mode: top


Global Operating Voltage = 0.9  
Power-specific unit information :
    Voltage Units = 1V
    Capacitance Units = 1.000000pf
    Time Units = 1ns
    Dynamic Power Units = 1mW    (derived from V,C,T units)
    Leakage Power Units = 1pW


--------------------------------------------------------------------------------
                                       Switch   Int      Leak     Total
Hierarchy                              Power    Power    Power    Power    %
--------------------------------------------------------------------------------
BFP_PE                                    1.244    1.573 9.32e+07    2.909 100.0
  u_fp_acc (FP_ACC)                       0.948    0.989 3.46e+07    1.972  67.8
  u_int_mac (INT_MAC)                     0.281    0.492 5.42e+07    0.828  28.5
1
