 
****************************************
Report : area
Design : BFP_PE
Version: O-2018.06
Date   : Tue Aug 25 03:38:28 2026
****************************************

Library(s) Used:

    slow (File: /usr/cad/CBDK_TSMC90G_Arm_v1.1/Lib90/slow.db)

Number of ports:                          504
Number of nets:                          8130
Number of cells:                         7478
Number of combinational cells:           7342
Number of sequential cells:               134
Number of macros/black boxes:               0
Number of buf/inv:                       1642
Number of references:                      23

Combinational area:              35386.546236
Buf/Inv area:                     3755.908918
Noncombinational area:            2085.753610
Macro/Black Box area:                0.000000
Net Interconnect area:      undefined  (No wire load specified)

Total cell area:                 37472.299845
Total area:                 undefined
1
