Information: Propagating switching activity (low effort zero delay simulation). (PWR-6)
Warning: Design has unannotated primary inputs. (PWR-414)
Warning: Design has unannotated sequential cell outputs. (PWR-415)
 
****************************************
Report : power
        -analysis_effort low
Design : BFP_PE
Version: O-2018.06
Date   : Tue Aug 25 03:38:28 2026
****************************************


Library(s) Used:

    slow (File: /usr/cad/CBDK_TSMC90G_Arm_v1.1/Lib90/slow.db)


Operating Conditions: slow   Library: slow
Wire Load Model Mode: top


Global Operating Voltage = 0.9  
Power-specific unit information :
    Voltage Units = 1V
    Capacitance Units = 1.000000pf
    Time Units = 1ns
    Dynamic Power Units = 1mW    (derived from V,C,T units)
    Leakage Power Units = 1pW


  Cell Internal Power  =   2.3760 mW   (55%)
  Net Switching Power  =   1.9755 mW   (45%)
                         ---------
Total Dynamic Power    =   4.3516 mW  (100%)

Cell Leakage Power     = 202.5410 uW


                 Internal         Switching           Leakage            Total
Power Group      Power            Power               Power              Power   (   %    )  Attrs
--------------------------------------------------------------------------------------------------
io_pad             0.0000            0.0000            0.0000            0.0000  (   0.00%)
memory             0.0000            0.0000            0.0000            0.0000  (   0.00%)
black_box          0.0000            0.0000            0.0000            0.0000  (   0.00%)
clock_network      0.0000            0.0000            0.0000            0.0000  (   0.00%)
register           0.1901        2.1809e-02        4.5617e+06            0.2165  (   4.75%)
sequential         0.0000            0.0000            0.0000            0.0000  (   0.00%)
combinational      2.1859            1.9537        1.9798e+08            4.3376  (  95.25%)
--------------------------------------------------------------------------------------------------
Total              2.3760 mW         1.9755 mW     2.0254e+08 pW         4.5541 mW
1
