 
****************************************
Report : power
        -hier
        -analysis_effort low
Design : BFP_PE
Version: O-2018.06
Date   : Tue Aug 25 03:38:28 2026
****************************************


Library(s) Used:

    slow (File: /usr/cad/CBDK_TSMC90G_Arm_v1.1/Lib90/slow.db)


Operating Conditions: slow   Library: slow
Wire Load Model Mode: top


Global Operating Voltage = 0.9  
Power-specific unit information :
    Voltage Units = 1V
    Capacitance Units = 1.000000pf
    Time Units = 1ns
    Dynamic Power Units = 1mW    (derived from V,C,T units)
    Leakage Power Units = 1pW


--------------------------------------------------------------------------------
                                       Switch   Int      Leak     Total
Hierarchy                              Power    Power    Power    Power    %
--------------------------------------------------------------------------------
BFP_PE                                    1.976    2.376 2.03e+08    4.554 100.0
  u_fp_acc (FP_ACC)                       1.217    1.227 4.85e+07    2.492  54.7
  u_int_mac (INT_MAC)                     0.739    1.020 1.48e+08    1.907  41.9
1
