 
****************************************
Report : area
Design : DEW_PE_DEW_ACC_W31
Version: O-2018.06
Date   : Tue Sep  1 00:06:08 2026
****************************************

Library(s) Used:

    slow (File: /usr/cad/CBDK_TSMC90G_Arm_v1.1/Lib90/slow.db)

Number of ports:                          683
Number of nets:                          5342
Number of cells:                         4450
Number of combinational cells:           4244
Number of sequential cells:               202
Number of macros/black boxes:               0
Number of buf/inv:                        899
Number of references:                      42

Combinational area:              18625.017923
Buf/Inv area:                     1908.648063
Noncombinational area:            3178.022415
Macro/Black Box area:                0.000000
Net Interconnect area:      undefined  (No wire load specified)

Total cell area:                 21803.040338
Total area:                 undefined
1
