 
****************************************
Report : area
Design : DEW_PE_DEW_ACC_W22
Version: O-2018.06
Date   : Tue Sep  1 00:02:17 2026
****************************************

Library(s) Used:

    slow (File: /usr/cad/CBDK_TSMC90G_Arm_v1.1/Lib90/slow.db)

Number of ports:                          683
Number of nets:                          4743
Number of cells:                         3841
Number of combinational cells:           3644
Number of sequential cells:               193
Number of macros/black boxes:               0
Number of buf/inv:                        763
Number of references:                      40

Combinational area:              16726.248236
Buf/Inv area:                     1622.880053
Noncombinational area:            2995.977607
Macro/Black Box area:                0.000000
Net Interconnect area:      undefined  (No wire load specified)

Total cell area:                 19722.225843
Total area:                 undefined
1
