 
****************************************
Report : area
Design : DEW_PE_DEW_ACC_W22
Version: O-2018.06
Date   : Tue Sep  1 00:02:17 2026
****************************************

Library(s) Used:

    slow (File: /usr/cad/CBDK_TSMC90G_Arm_v1.1/Lib90/slow.db)

Number of ports:                          683
Number of nets:                          4743
Number of cells:                         3841
Number of combinational cells:           3644
Number of sequential cells:               193
Number of macros/black boxes:               0
Number of buf/inv:                        763
Number of references:                      40

Combinational area:              16726.248236
Buf/Inv area:                     1622.880053
Noncombinational area:            2995.977607
Macro/Black Box area:                0.000000
Net Interconnect area:      undefined  (No wire load specified)

Total cell area:                 19722.225843
Total area:                 undefined

Hierarchical area distribution
------------------------------

                                  Global cell area            Local cell area
                                  -------------------  ----------------------------- 
Hierarchical cell                 Absolute    Percent  Combi-      Noncombi-  Black-
                                  Total       Total    national    national   boxes   Design
--------------------------------  ----------  -------  ----------  ---------  ------  ----------------------------------
DEW_PE_DEW_ACC_W22                19722.2258    100.0   1068.2784  1692.0288  0.0000  DEW_PE_DEW_ACC_W22
u_dew_acc                          4908.8593     24.9   4101.6529   807.2064  0.0000  DEW_ACC_ACC_W22_T_SKIP9_T_REPLACE3
u_fp_acc                           4999.1761     25.3   4502.4337   496.7424  0.0000  FP_ACC
u_int_mac                          7053.8832     35.8   5181.2208     0.0000  0.0000  INT_MAC
u_int_mac/u_outlier_dispatcher     1872.6625      9.5   1872.6625     0.0000  0.0000  Outlier_Dispatcher
--------------------------------  ----------  -------  ----------  ---------  ------  ----------------------------------
Total                                                  16726.2482  2995.9776  0.0000

1
