 
****************************************
Report : area
Design : DEW_PE_DEW_ACC_W15
Version: O-2018.06
Date   : Mon Aug 31 23:59:30 2026
****************************************

Library(s) Used:

    slow (File: /usr/cad/CBDK_TSMC90G_Arm_v1.1/Lib90/slow.db)

Number of ports:                          683
Number of nets:                          4402
Number of cells:                         3538
Number of combinational cells:           3348
Number of sequential cells:               186
Number of macros/black boxes:               0
Number of buf/inv:                        683
Number of references:                      40

Combinational area:              15440.645028
Buf/Inv area:                     1454.947248
Noncombinational area:            2887.315207
Macro/Black Box area:                0.000000
Net Interconnect area:      undefined  (No wire load specified)

Total cell area:                 18327.960234
Total area:                 undefined

Hierarchical area distribution
------------------------------

                                  Global cell area            Local cell area
                                  -------------------  ----------------------------- 
Hierarchical cell                 Absolute    Percent  Combi-      Noncombi-  Black-
                                  Total       Total    national    national   boxes   Design
--------------------------------  ----------  -------  ----------  ---------  ------  ----------------------------------
DEW_PE_DEW_ACC_W15                18327.9602    100.0   1065.4560  1692.0288  0.0000  DEW_PE_DEW_ACC_W15
u_dew_acc                          3494.8368     19.1   2796.2928   698.5440  0.0000  DEW_ACC_ACC_W15_T_SKIP9_T_REPLACE3
u_fp_acc                           5021.7553     27.4   4525.0129   496.7424  0.0000  FP_ACC
u_int_mac                          7053.8832     38.5   5181.2208     0.0000  0.0000  INT_MAC
u_int_mac/u_outlier_dispatcher     1872.6625     10.2   1872.6625     0.0000  0.0000  Outlier_Dispatcher
--------------------------------  ----------  -------  ----------  ---------  ------  ----------------------------------
Total                                                  15440.6450  2887.3152  0.0000

1
