 
****************************************
Report : area
Design : BFP_PE
Version: O-2018.06
Date   : Fri Aug 28 05:11:37 2026
****************************************

Library(s) Used:

    slow (File: /usr/cad/CBDK_TSMC90G_Arm_v1.1/Lib90/slow.db)

Number of ports:                          572
Number of nets:                          9855
Number of cells:                         9112
Number of combinational cells:           8960
Number of sequential cells:               150
Number of macros/black boxes:               0
Number of buf/inv:                       2200
Number of references:                      22

Combinational area:              47253.327191
Buf/Inv area:                     5291.294564
Noncombinational area:            2394.100824
Macro/Black Box area:                0.000000
Net Interconnect area:      undefined  (No wire load specified)

Total cell area:                 49647.428015
Total area:                 undefined

Hierarchical area distribution
------------------------------

                                  Global cell area            Local cell area
                                  -------------------  ----------------------------- 
Hierarchical cell                 Absolute    Percent  Combi-      Noncombi-  Black-
                                  Total       Total    national    national   boxes   Design
--------------------------------  ----------  -------  ----------  ---------  ------  ---------
BFP_PE                            49647.4280    100.0    879.1776  1816.2144  0.0000  BFP_PE
u_fp_acc                          10848.6002     21.9  10270.7138   577.8864  0.0000  FP_ACC
u_int_mac                         36103.4358     72.7  36103.4358     0.0000  0.0000  INT_MAC
--------------------------------  ----------  -------  ----------  ---------  ------  ---------
Total                                                  47253.3272  2394.1008  0.0000

1
