Information: Propagating switching activity (low effort zero delay simulation). (PWR-6)
 
****************************************
Report : power
        -analysis_effort low
Design : BFP_PE
Version: O-2018.06
Date   : Fri Aug 28 05:11:37 2026
****************************************


Library(s) Used:

    slow (File: /usr/cad/CBDK_TSMC90G_Arm_v1.1/Lib90/slow.db)


Operating Conditions: slow   Library: slow
Wire Load Model Mode: top


Global Operating Voltage = 0.9  
Power-specific unit information :
    Voltage Units = 1V
    Capacitance Units = 1.000000pf
    Time Units = 1ns
    Dynamic Power Units = 1mW    (derived from V,C,T units)
    Leakage Power Units = 1pW


  Cell Internal Power  =   5.1960 mW   (56%)
  Net Switching Power  =   4.0642 mW   (44%)
                         ---------
Total Dynamic Power    =   9.2602 mW  (100%)

Cell Leakage Power     = 304.5759 uW


                 Internal         Switching           Leakage            Total
Power Group      Power            Power               Power              Power   (   %    )  Attrs
--------------------------------------------------------------------------------------------------
io_pad             0.0000            0.0000            0.0000            0.0000  (   0.00%)
memory             0.0000            0.0000            0.0000            0.0000  (   0.00%)
black_box          0.0000            0.0000            0.0000            0.0000  (   0.00%)
clock_network      0.0000            0.0000            0.0000            0.0000  (   0.00%)
register           0.3168        3.9056e-02        5.5195e+06            0.3613  (   3.78%)
sequential         0.0000            0.0000            0.0000            0.0000  (   0.00%)
combinational      4.8792            4.0252        2.9906e+08            9.2035  (  96.22%)
--------------------------------------------------------------------------------------------------
Total              5.1960 mW         4.0642 mW     3.0458e+08 pW         9.5648 mW
1
