 
****************************************
Report : area
Design : DEW_PE_DEW_ACC_W16
Version: O-2018.06
Date   : Mon Aug 31 23:59:53 2026
****************************************

Library(s) Used:

    slow (File: /usr/cad/CBDK_TSMC90G_Arm_v1.1/Lib90/slow.db)

Number of ports:                          683
Number of nets:                          4453
Number of cells:                         3586
Number of combinational cells:           3395
Number of sequential cells:               187
Number of macros/black boxes:               0
Number of buf/inv:                        692
Number of references:                      43

Combinational area:              15714.417838
Buf/Inv area:                     1473.998448
Noncombinational area:            2934.590414
Macro/Black Box area:                0.000000
Net Interconnect area:      undefined  (No wire load specified)

Total cell area:                 18649.008252
Total area:                 undefined
1
